// Jest Snapshot v1, https://goo.gl/fbAQLP

exports[`Header renders correctly 1`] = `"<div class=\\"d-flex flex-wrap np-header className\\"><div class=\\"align-items-center d-flex justify-content-start\\">leftContent</div><div class=\\"align-items-center d-flex justify-content-end order-2\\">rightContent</div><div class=\\"align-items-center d-flex justify-content-center order-1 flex-grow-1\\">bottomContent</div></div>"`;
